{"level":"info","message":"Inserted user ID 34","timestamp":"2025-05-09T14:07:26.174Z"}
{"level":"info","message":"Inserted user ID 35","timestamp":"2025-05-09T14:07:26.338Z"}
{"level":"info","message":"Inserted user ID 36","timestamp":"2025-05-09T14:07:26.486Z"}
{"level":"info","message":"Inserted user ID 37","timestamp":"2025-05-09T14:07:26.575Z"}
{"level":"info","message":"Inserted user ID 38","timestamp":"2025-05-09T14:07:26.652Z"}
{"level":"info","message":"Inserted user ID 39","timestamp":"2025-05-09T14:07:26.724Z"}
{"level":"info","message":"Inserted user ID 40","timestamp":"2025-05-09T14:07:26.799Z"}
{"level":"info","message":"Inserted user ID 41","timestamp":"2025-05-09T14:07:26.873Z"}
{"level":"info","message":"Inserted user ID 42","timestamp":"2025-05-09T14:07:26.963Z"}
{"level":"info","message":"Inserted user ID 43","timestamp":"2025-05-09T14:07:27.065Z"}
{"level":"info","message":"Inserted user ID 44","timestamp":"2025-05-09T14:07:27.149Z"}
{"level":"info","message":"Inserted user ID 45","timestamp":"2025-05-09T14:07:27.232Z"}
{"level":"info","message":"Inserted user ID 46","timestamp":"2025-05-09T14:07:27.358Z"}
{"level":"info","message":"Inserted user ID 47","timestamp":"2025-05-09T14:07:27.511Z"}
{"level":"info","message":"Inserted user ID 48","timestamp":"2025-05-09T14:07:27.586Z"}
{"level":"info","message":"Inserted user ID 49","timestamp":"2025-05-09T14:07:27.743Z"}
{"level":"info","message":"Inserted user ID 50","timestamp":"2025-05-09T14:07:27.823Z"}
{"level":"info","message":"Inserted user ID 51","timestamp":"2025-05-09T14:07:27.892Z"}
{"level":"info","message":"Inserted user ID 52","timestamp":"2025-05-09T14:07:27.977Z"}
{"level":"info","message":"Inserted user ID 53","timestamp":"2025-05-09T14:07:28.058Z"}
{"level":"info","message":"Inserted user ID 54","timestamp":"2025-05-09T14:07:28.150Z"}
{"level":"info","message":"Inserted user ID 55","timestamp":"2025-05-09T14:07:28.228Z"}
{"level":"info","message":"Inserted user ID 56","timestamp":"2025-05-09T14:07:28.301Z"}
{"level":"info","message":"Inserted user ID 57","timestamp":"2025-05-09T14:07:28.398Z"}
{"level":"info","message":"Inserted user ID 58","timestamp":"2025-05-09T14:07:28.479Z"}
{"level":"info","message":"Inserted user ID 59","timestamp":"2025-05-09T14:07:28.570Z"}
{"level":"info","message":"Inserted user ID 60","timestamp":"2025-05-09T14:07:28.731Z"}
{"level":"info","message":"Inserted user ID 61","timestamp":"2025-05-09T14:07:28.816Z"}
{"level":"info","message":"Inserted user ID 62","timestamp":"2025-05-09T14:07:28.900Z"}
{"level":"info","message":"Inserted user ID 63","timestamp":"2025-05-09T14:07:28.976Z"}
{"level":"info","message":"Inserted user ID 64","timestamp":"2025-05-09T14:07:29.051Z"}
{"level":"info","message":"Inserted user ID 65","timestamp":"2025-05-09T14:07:29.133Z"}
{"level":"info","message":"Inserted user ID 66","timestamp":"2025-05-09T14:07:29.208Z"}
{"level":"info","message":"Inserted user ID 67","timestamp":"2025-05-09T14:07:29.298Z"}
{"level":"info","message":"Inserted user ID 68","timestamp":"2025-05-09T14:07:29.384Z"}
{"level":"info","message":"Inserted user ID 69","timestamp":"2025-05-09T14:07:29.465Z"}
{"level":"info","message":"Inserted user ID 70","timestamp":"2025-05-09T14:07:29.585Z"}
{"level":"info","message":"Inserted user ID 71","timestamp":"2025-05-09T14:07:29.688Z"}
{"level":"info","message":"Inserted user ID 72","timestamp":"2025-05-09T14:07:29.769Z"}
{"level":"info","message":"Inserted user ID 73","timestamp":"2025-05-09T14:07:29.846Z"}
{"level":"info","message":"Inserted user ID 74","timestamp":"2025-05-09T14:07:29.920Z"}
{"level":"info","message":"Inserted user ID 75","timestamp":"2025-05-09T14:07:30.004Z"}
{"level":"info","message":"Inserted user ID 76","timestamp":"2025-05-09T14:07:30.104Z"}
{"level":"info","message":"Inserted user ID 77","timestamp":"2025-05-09T14:07:30.172Z"}
{"level":"info","message":"Inserted user ID 78","timestamp":"2025-05-09T14:07:30.245Z"}
{"level":"info","message":"Inserted user ID 79","timestamp":"2025-05-09T14:07:30.324Z"}
{"level":"info","message":"Inserted user ID 80","timestamp":"2025-05-09T14:07:30.404Z"}
{"level":"info","message":"Inserted user ID 81","timestamp":"2025-05-09T14:07:30.475Z"}
{"level":"info","message":"Inserted user ID 82","timestamp":"2025-05-09T14:07:30.572Z"}
{"level":"info","message":"Inserted user ID 83","timestamp":"2025-05-09T14:07:30.642Z"}
{"level":"info","message":"Inserted user ID 84","timestamp":"2025-05-09T14:07:30.717Z"}
{"level":"info","message":"Inserted user ID 85","timestamp":"2025-05-09T14:07:30.792Z"}
{"level":"info","message":"Inserted user ID 86","timestamp":"2025-05-09T14:07:30.869Z"}
{"level":"info","message":"Inserted user ID 87","timestamp":"2025-05-09T14:07:30.944Z"}
{"level":"info","message":"Inserted user ID 88","timestamp":"2025-05-09T14:07:31.037Z"}
{"level":"info","message":"Inserted user ID 89","timestamp":"2025-05-09T14:07:31.115Z"}
{"level":"info","message":"Inserted user ID 90","timestamp":"2025-05-09T14:07:31.192Z"}
{"level":"info","message":"Inserted user ID 91","timestamp":"2025-05-09T14:07:31.262Z"}
{"level":"info","message":"Inserted user ID 92","timestamp":"2025-05-09T14:07:31.334Z"}
{"level":"info","message":"Inserted user ID 93","timestamp":"2025-05-09T14:07:31.420Z"}
{"level":"info","message":"Inserted user ID 94","timestamp":"2025-05-09T14:07:31.492Z"}
{"level":"info","message":"Inserted user ID 95","timestamp":"2025-05-09T14:07:31.566Z"}
{"level":"info","message":"Inserted user ID 96","timestamp":"2025-05-09T14:07:31.641Z"}
{"level":"info","message":"Inserted user ID 97","timestamp":"2025-05-09T14:07:31.718Z"}
{"level":"info","message":"Inserted user ID 98","timestamp":"2025-05-09T14:07:31.812Z"}
{"level":"info","message":"Inserted user ID 99","timestamp":"2025-05-09T14:07:31.895Z"}
{"level":"info","message":"Inserted user ID 100","timestamp":"2025-05-09T14:07:31.986Z"}
{"level":"info","message":"Inserted patient ID 34","timestamp":"2025-05-09T14:07:32.110Z"}
{"level":"info","message":"Inserted patient ID 35","timestamp":"2025-05-09T14:07:32.182Z"}
{"level":"info","message":"Inserted patient ID 36","timestamp":"2025-05-09T14:07:32.264Z"}
{"level":"info","message":"Inserted patient ID 37","timestamp":"2025-05-09T14:07:32.339Z"}
{"level":"info","message":"Inserted patient ID 38","timestamp":"2025-05-09T14:07:32.425Z"}
{"level":"info","message":"Inserted patient ID 39","timestamp":"2025-05-09T14:07:32.501Z"}
{"level":"info","message":"Inserted patient ID 40","timestamp":"2025-05-09T14:07:32.574Z"}
{"level":"info","message":"Inserted patient ID 41","timestamp":"2025-05-09T14:07:32.652Z"}
{"level":"info","message":"Inserted patient ID 42","timestamp":"2025-05-09T14:07:32.721Z"}
{"level":"info","message":"Inserted patient ID 43","timestamp":"2025-05-09T14:07:32.814Z"}
{"level":"info","message":"Inserted patient ID 44","timestamp":"2025-05-09T14:07:32.917Z"}
{"level":"info","message":"Inserted patient ID 45","timestamp":"2025-05-09T14:07:32.997Z"}
{"level":"info","message":"Inserted patient ID 46","timestamp":"2025-05-09T14:07:33.072Z"}
{"level":"info","message":"Inserted patient ID 47","timestamp":"2025-05-09T14:07:33.142Z"}
{"level":"info","message":"Inserted patient ID 48","timestamp":"2025-05-09T14:07:33.233Z"}
{"level":"info","message":"Inserted patient ID 49","timestamp":"2025-05-09T14:07:33.313Z"}
{"level":"info","message":"Inserted patient ID 50","timestamp":"2025-05-09T14:07:33.397Z"}
{"level":"info","message":"Inserted patient ID 51","timestamp":"2025-05-09T14:07:33.477Z"}
{"level":"info","message":"Inserted patient ID 52","timestamp":"2025-05-09T14:07:33.571Z"}
{"level":"info","message":"Inserted patient ID 53","timestamp":"2025-05-09T14:07:33.649Z"}
{"level":"info","message":"Inserted patient ID 54","timestamp":"2025-05-09T14:07:33.723Z"}
{"level":"info","message":"Inserted patient ID 55","timestamp":"2025-05-09T14:07:33.806Z"}
{"level":"info","message":"Inserted patient ID 56","timestamp":"2025-05-09T14:07:33.880Z"}
{"level":"info","message":"Inserted patient ID 57","timestamp":"2025-05-09T14:07:33.955Z"}
{"level":"info","message":"Inserted patient ID 58","timestamp":"2025-05-09T14:07:34.026Z"}
{"level":"info","message":"Inserted patient ID 59","timestamp":"2025-05-09T14:07:34.125Z"}
{"level":"info","message":"Inserted patient ID 60","timestamp":"2025-05-09T14:07:34.200Z"}
{"level":"info","message":"Inserted patient ID 61","timestamp":"2025-05-09T14:07:34.272Z"}
{"level":"info","message":"Inserted patient ID 62","timestamp":"2025-05-09T14:07:34.350Z"}
{"level":"info","message":"Inserted patient ID 63","timestamp":"2025-05-09T14:07:34.430Z"}
{"level":"info","message":"Inserted patient ID 64","timestamp":"2025-05-09T14:07:34.506Z"}
{"level":"info","message":"Inserted patient ID 65","timestamp":"2025-05-09T14:07:34.579Z"}
{"level":"info","message":"Inserted patient ID 66","timestamp":"2025-05-09T14:07:34.653Z"}
{"level":"info","message":"Inserted patient ID 67","timestamp":"2025-05-09T14:07:34.727Z"}
{"level":"info","message":"Inserted patient ID 68","timestamp":"2025-05-09T14:07:34.801Z"}
{"level":"info","message":"Inserted patient ID 69","timestamp":"2025-05-09T14:07:34.874Z"}
{"level":"info","message":"Inserted patient ID 70","timestamp":"2025-05-09T14:07:34.949Z"}
{"level":"info","message":"Inserted patient ID 71","timestamp":"2025-05-09T14:07:35.030Z"}
{"level":"info","message":"Inserted patient ID 72","timestamp":"2025-05-09T14:07:35.111Z"}
{"level":"info","message":"Inserted patient ID 73","timestamp":"2025-05-09T14:07:35.185Z"}
{"level":"info","message":"Inserted patient ID 74","timestamp":"2025-05-09T14:07:35.258Z"}
{"level":"info","message":"Inserted patient ID 75","timestamp":"2025-05-09T14:07:35.340Z"}
{"level":"info","message":"Inserted patient ID 76","timestamp":"2025-05-09T14:07:35.414Z"}
{"level":"info","message":"Inserted patient ID 77","timestamp":"2025-05-09T14:07:35.498Z"}
{"level":"info","message":"Inserted patient ID 78","timestamp":"2025-05-09T14:07:35.575Z"}
{"level":"info","message":"Inserted patient ID 79","timestamp":"2025-05-09T14:07:35.649Z"}
{"level":"info","message":"Inserted patient ID 80","timestamp":"2025-05-09T14:07:35.728Z"}
{"level":"info","message":"Inserted patient ID 81","timestamp":"2025-05-09T14:07:35.806Z"}
{"level":"info","message":"Inserted patient ID 82","timestamp":"2025-05-09T14:07:35.884Z"}
{"level":"info","message":"Inserted patient ID 83","timestamp":"2025-05-09T14:07:35.954Z"}
{"level":"info","message":"Inserted patient ID 84","timestamp":"2025-05-09T14:07:36.031Z"}
{"level":"info","message":"Inserted patient ID 85","timestamp":"2025-05-09T14:07:36.114Z"}
{"level":"info","message":"Inserted patient ID 86","timestamp":"2025-05-09T14:07:36.183Z"}
{"level":"info","message":"Inserted patient ID 87","timestamp":"2025-05-09T14:07:36.259Z"}
{"level":"info","message":"Inserted patient ID 88","timestamp":"2025-05-09T14:07:36.327Z"}
{"level":"info","message":"Inserted patient ID 89","timestamp":"2025-05-09T14:07:36.409Z"}
{"level":"info","message":"Inserted patient ID 90","timestamp":"2025-05-09T14:07:36.487Z"}
{"level":"info","message":"Inserted patient ID 91","timestamp":"2025-05-09T14:07:36.574Z"}
{"level":"info","message":"Inserted patient ID 92","timestamp":"2025-05-09T14:07:36.656Z"}
{"level":"info","message":"Inserted patient ID 93","timestamp":"2025-05-09T14:07:36.731Z"}
{"level":"info","message":"Inserted patient ID 94","timestamp":"2025-05-09T14:07:36.805Z"}
{"level":"info","message":"Inserted patient ID 95","timestamp":"2025-05-09T14:07:36.881Z"}
{"level":"info","message":"Inserted patient ID 96","timestamp":"2025-05-09T14:07:36.959Z"}
{"level":"info","message":"Inserted patient ID 97","timestamp":"2025-05-09T14:07:37.043Z"}
{"level":"info","message":"Inserted patient ID 98","timestamp":"2025-05-09T14:07:37.136Z"}
{"level":"info","message":"Inserted patient ID 99","timestamp":"2025-05-09T14:07:37.232Z"}
{"level":"info","message":"Inserted patient ID 100","timestamp":"2025-05-09T14:07:37.304Z"}
{"details":{"code":"23503","details":"Key (service_id)=(1) is not present in table \"services\".","hint":null,"message":"insert or update on table \"appointments\" violates foreign key constraint \"appointments_service_id_fkey\""},"level":"error","message":"Error inserting appointment ID 34: insert or update on table \"appointments\" violates foreign key constraint \"appointments_service_id_fkey\"","timestamp":"2025-05-09T14:07:37.409Z"}
{"details":{"code":"23505","details":"Key (id)=(34) already exists.","hint":null,"message":"duplicate key value violates unique constraint \"users_pkey\""},"level":"error","message":"Error inserting user ID 34: duplicate key value violates unique constraint \"users_pkey\"","timestamp":"2025-05-09T14:13:38.726Z"}
{"count":100,"level":"info","message":"Successfully inserted users","timestamp":"2025-05-09T14:34:00.188Z"}
{"count":100,"level":"info","message":"Successfully inserted patients","timestamp":"2025-05-09T14:34:00.448Z"}
{"error":{"code":"23505","details":"Key (id)=(113) already exists.","hint":null,"message":"duplicate key value violates unique constraint \"appointments_pkey\""},"level":"error","message":"Error inserting appointments:","timestamp":"2025-05-09T14:34:00.537Z"}
{"level":"info","message":"Deleting existing records for IDs 34–133","timestamp":"2025-05-09T14:41:25.010Z"}
{"level":"info","message":"Existing records deleted","timestamp":"2025-05-09T14:41:26.448Z"}
{"count":100,"firstId":34,"lastId":133,"level":"info","message":"Generated users","timestamp":"2025-05-09T14:41:26.449Z"}
{"count":100,"firstId":34,"lastId":133,"level":"info","message":"Generated patients","timestamp":"2025-05-09T14:41:26.463Z"}
{"count":100,"firstId":34,"lastId":133,"level":"info","message":"Generated appointments","serviceIds":[32,33,34,35,36,37,38,39,40,41,42,43,44,45,46,47,48,49,50,51],"timestamp":"2025-05-09T14:41:26.465Z"}
{"level":"info","message":"Inserting users","timestamp":"2025-05-09T14:41:26.465Z"}
{"count":100,"level":"info","message":"Successfully inserted users","timestamp":"2025-05-09T14:41:26.653Z"}
{"level":"info","message":"Inserting patients","timestamp":"2025-05-09T14:41:26.653Z"}
{"count":100,"level":"info","message":"Successfully inserted patients","timestamp":"2025-05-09T14:41:26.887Z"}
{"level":"info","message":"Inserting appointments","timestamp":"2025-05-09T14:41:26.889Z"}
{"count":100,"level":"info","message":"Successfully inserted appointments","timestamp":"2025-05-09T14:41:27.049Z"}
